// Jest Snapshot v1, https://goo.gl/fbAQLP

exports[`Render Menu List container 1`] = `
Object {
  "asFragment": [Function],
  "baseElement": <body>
    <div>
      <div
        class="sc-bczRLJ huZbBx"
      >
        <button
          class="MuiButtonBase-root MuiButton-root MuiButton-containedMenu MuiButton-containedMenuPrimary MuiButton-sizeMedium MuiButton-containedMenuSizeMedium css-1w1rijm-MuiButtonBase-root-MuiButton-root"
          data-testid="btn-showcase"
          style="color: rgb(255, 255, 255); text-transform: none;"
          tabindex="0"
          type="button"
        >
          Case 360
          <span
            class="MuiButton-endIcon MuiButton-iconSizeMedium css-9tj150-MuiButton-endIcon"
          >
            <svg
              aria-hidden="true"
              class="MuiSvgIcon-root MuiSvgIcon-fontSizeMedium css-i4bv87-MuiSvgIcon-root"
              data-testid="KeyboardArrowDownIcon"
              focusable="false"
              viewBox="0 0 24 24"
            >
              <path
                d="M7.41 8.59 12 13.17l4.59-4.58L18 10l-6 6-6-6 1.41-1.41z"
              />
            </svg>
          </span>
          <span
            class="MuiTouchRipple-root css-8je8zh-MuiTouchRipple-root"
          />
        </button>
      </div>
    </div>
  </body>,
  "container": <div>
    <div
      class="sc-bczRLJ huZbBx"
    >
      <button
        class="MuiButtonBase-root MuiButton-root MuiButton-containedMenu MuiButton-containedMenuPrimary MuiButton-sizeMedium MuiButton-containedMenuSizeMedium css-1w1rijm-MuiButtonBase-root-MuiButton-root"
        data-testid="btn-showcase"
        style="color: rgb(255, 255, 255); text-transform: none;"
        tabindex="0"
        type="button"
      >
        Case 360
        <span
          class="MuiButton-endIcon MuiButton-iconSizeMedium css-9tj150-MuiButton-endIcon"
        >
          <svg
            aria-hidden="true"
            class="MuiSvgIcon-root MuiSvgIcon-fontSizeMedium css-i4bv87-MuiSvgIcon-root"
            data-testid="KeyboardArrowDownIcon"
            focusable="false"
            viewBox="0 0 24 24"
          >
            <path
              d="M7.41 8.59 12 13.17l4.59-4.58L18 10l-6 6-6-6 1.41-1.41z"
            />
          </svg>
        </span>
        <span
          class="MuiTouchRipple-root css-8je8zh-MuiTouchRipple-root"
        />
      </button>
    </div>
  </div>,
  "debug": [Function],
  "findAllByAltText": [Function],
  "findAllByDisplayValue": [Function],
  "findAllByLabelText": [Function],
  "findAllByPlaceholderText": [Function],
  "findAllByRole": [Function],
  "findAllByTestId": [Function],
  "findAllByText": [Function],
  "findAllByTitle": [Function],
  "findByAltText": [Function],
  "findByDisplayValue": [Function],
  "findByLabelText": [Function],
  "findByPlaceholderText": [Function],
  "findByRole": [Function],
  "findByTestId": [Function],
  "findByText": [Function],
  "findByTitle": [Function],
  "getAllByAltText": [Function],
  "getAllByDisplayValue": [Function],
  "getAllByLabelText": [Function],
  "getAllByPlaceholderText": [Function],
  "getAllByRole": [Function],
  "getAllByTestId": [Function],
  "getAllByText": [Function],
  "getAllByTitle": [Function],
  "getByAltText": [Function],
  "getByDisplayValue": [Function],
  "getByLabelText": [Function],
  "getByPlaceholderText": [Function],
  "getByRole": [Function],
  "getByTestId": [Function],
  "getByText": [Function],
  "getByTitle": [Function],
  "queryAllByAltText": [Function],
  "queryAllByDisplayValue": [Function],
  "queryAllByLabelText": [Function],
  "queryAllByPlaceholderText": [Function],
  "queryAllByRole": [Function],
  "queryAllByTestId": [Function],
  "queryAllByText": [Function],
  "queryAllByTitle": [Function],
  "queryByAltText": [Function],
  "queryByDisplayValue": [Function],
  "queryByLabelText": [Function],
  "queryByPlaceholderText": [Function],
  "queryByRole": [Function],
  "queryByTestId": [Function],
  "queryByText": [Function],
  "queryByTitle": [Function],
  "rerender": [Function],
  "store": Object {
    "@@observable": [Function],
    "dispatch": [Function],
    "getState": [Function],
    "replaceReducer": [Function],
    "subscribe": [Function],
  },
  "unmount": [Function],
}
`;
