// Jest Snapshot v1, https://goo.gl/fbAQLP

exports[`Render pie charts 1`] = `
Object {
  "asFragment": [Function],
  "baseElement": <body>
    <div>
      <div
        class="MuiBox-root css-9whsf3"
      >
        <div
          class="MuiGrid-root MuiGrid-container MuiGrid-spacing-xs-2 MuiGrid-spacing-md-3 MuiGrid-spacing-lg-1 css-vobqoz-MuiGrid-root"
        >
          <div
            class="MuiGrid-root MuiGrid-item MuiGrid-grid-xs-4 css-iltpxr-MuiGrid-root"
          >
            <div
              class="MuiBox-root css-huleca"
            >
              <div
                style="width: 50%; margin: 5px 5px 5px 0px;"
              >
                <div
                  style="background-color: rgb(9, 47, 133); color: rgb(255, 255, 255); font-size: small; height: 25px; padding-left: 10px; padding-top: 5px; width: 100%;"
                >
                  Test - Status
                </div>
                <div />
              </div>
            </div>
          </div>
          <div
            class="MuiGrid-root MuiGrid-item MuiGrid-grid-xs-4 css-iltpxr-MuiGrid-root"
          >
            <div
              class="MuiBox-root css-huleca"
            >
              <div
                style="width: 50%; margin: 5px 5px 5px 0px;"
              >
                <div
                  style="background-color: rgb(9, 47, 133); color: rgb(255, 255, 255); font-size: small; height: 25px; padding-left: 10px; padding-top: 5px; width: 100%;"
                >
                  Test - Aged Cases
                </div>
                <div />
              </div>
            </div>
          </div>
          <div
            class="MuiGrid-root MuiGrid-item MuiGrid-grid-xs-4 css-iltpxr-MuiGrid-root"
          >
            <div
              class="MuiBox-root css-huleca"
            >
              <div
                style="width: 50%; margin: 5px 5px 5px 0px;"
              >
                <div
                  style="background-color: rgb(9, 47, 133); color: rgb(255, 255, 255); font-size: small; height: 25px; padding-left: 10px; padding-top: 5px; width: 100%;"
                >
                  Test - Resolved
                </div>
                <div />
              </div>
            </div>
          </div>
        </div>
      </div>
    </div>
  </body>,
  "container": <div>
    <div
      class="MuiBox-root css-9whsf3"
    >
      <div
        class="MuiGrid-root MuiGrid-container MuiGrid-spacing-xs-2 MuiGrid-spacing-md-3 MuiGrid-spacing-lg-1 css-vobqoz-MuiGrid-root"
      >
        <div
          class="MuiGrid-root MuiGrid-item MuiGrid-grid-xs-4 css-iltpxr-MuiGrid-root"
        >
          <div
            class="MuiBox-root css-huleca"
          >
            <div
              style="width: 50%; margin: 5px 5px 5px 0px;"
            >
              <div
                style="background-color: rgb(9, 47, 133); color: rgb(255, 255, 255); font-size: small; height: 25px; padding-left: 10px; padding-top: 5px; width: 100%;"
              >
                Test - Status
              </div>
              <div />
            </div>
          </div>
        </div>
        <div
          class="MuiGrid-root MuiGrid-item MuiGrid-grid-xs-4 css-iltpxr-MuiGrid-root"
        >
          <div
            class="MuiBox-root css-huleca"
          >
            <div
              style="width: 50%; margin: 5px 5px 5px 0px;"
            >
              <div
                style="background-color: rgb(9, 47, 133); color: rgb(255, 255, 255); font-size: small; height: 25px; padding-left: 10px; padding-top: 5px; width: 100%;"
              >
                Test - Aged Cases
              </div>
              <div />
            </div>
          </div>
        </div>
        <div
          class="MuiGrid-root MuiGrid-item MuiGrid-grid-xs-4 css-iltpxr-MuiGrid-root"
        >
          <div
            class="MuiBox-root css-huleca"
          >
            <div
              style="width: 50%; margin: 5px 5px 5px 0px;"
            >
              <div
                style="background-color: rgb(9, 47, 133); color: rgb(255, 255, 255); font-size: small; height: 25px; padding-left: 10px; padding-top: 5px; width: 100%;"
              >
                Test - Resolved
              </div>
              <div />
            </div>
          </div>
        </div>
      </div>
    </div>
  </div>,
  "debug": [Function],
  "findAllByAltText": [Function],
  "findAllByDisplayValue": [Function],
  "findAllByLabelText": [Function],
  "findAllByPlaceholderText": [Function],
  "findAllByRole": [Function],
  "findAllByTestId": [Function],
  "findAllByText": [Function],
  "findAllByTitle": [Function],
  "findByAltText": [Function],
  "findByDisplayValue": [Function],
  "findByLabelText": [Function],
  "findByPlaceholderText": [Function],
  "findByRole": [Function],
  "findByTestId": [Function],
  "findByText": [Function],
  "findByTitle": [Function],
  "getAllByAltText": [Function],
  "getAllByDisplayValue": [Function],
  "getAllByLabelText": [Function],
  "getAllByPlaceholderText": [Function],
  "getAllByRole": [Function],
  "getAllByTestId": [Function],
  "getAllByText": [Function],
  "getAllByTitle": [Function],
  "getByAltText": [Function],
  "getByDisplayValue": [Function],
  "getByLabelText": [Function],
  "getByPlaceholderText": [Function],
  "getByRole": [Function],
  "getByTestId": [Function],
  "getByText": [Function],
  "getByTitle": [Function],
  "queryAllByAltText": [Function],
  "queryAllByDisplayValue": [Function],
  "queryAllByLabelText": [Function],
  "queryAllByPlaceholderText": [Function],
  "queryAllByRole": [Function],
  "queryAllByTestId": [Function],
  "queryAllByText": [Function],
  "queryAllByTitle": [Function],
  "queryByAltText": [Function],
  "queryByDisplayValue": [Function],
  "queryByLabelText": [Function],
  "queryByPlaceholderText": [Function],
  "queryByRole": [Function],
  "queryByTestId": [Function],
  "queryByText": [Function],
  "queryByTitle": [Function],
  "rerender": [Function],
  "store": Object {
    "@@observable": [Function],
    "dispatch": [Function],
    "getState": [Function],
    "replaceReducer": [Function],
    "subscribe": [Function],
  },
  "unmount": [Function],
}
`;
