// Jest Snapshot v1, https://goo.gl/fbAQLP

exports[`Render DetailsViewPage  1`] = `
Object {
  "asFragment": [Function],
  "baseElement": <body>
    <div>
      <div
        class="sc-gsnTZi eXXpkq"
      >
        Personal Details
         
      </div>
      <div
        class="MuiBox-root css-1c17ife"
        data-testid="DetailsViewGrid"
      >
        <div
          class="MuiGrid-root MuiGrid-container MuiGrid-spacing-xs-2 MuiGrid-spacing-md-3 MuiGrid-spacing-lg-1 css-vobqoz-MuiGrid-root"
          data-testid="test-2"
        >
          <div
            class="MuiGrid-root MuiGrid-item MuiGrid-grid-xs-2 MuiGrid-grid-sm-4 MuiGrid-grid-md-4 css-8v0fa4-MuiGrid-root"
          >
            <div
              class="MuiBox-root css-0"
            >
              <div
                class="sc-bczRLJ fHPAUt"
              >
                Salutation
                 :
              </div>
            </div>
          </div>
          <div
            class="MuiGrid-root MuiGrid-item MuiGrid-grid-xs-2 MuiGrid-grid-sm-4 MuiGrid-grid-md-4 css-8v0fa4-MuiGrid-root"
          >
            <div
              class="MuiBox-root css-0"
            >
              <div
                class="sc-bczRLJ fHPAUt"
              >
                Suffix
                 :
              </div>
            </div>
          </div>
          <div
            class="MuiGrid-root MuiGrid-item MuiGrid-grid-xs-2 MuiGrid-grid-sm-4 MuiGrid-grid-md-4 css-8v0fa4-MuiGrid-root"
          >
            <div
              class="MuiBox-root css-0"
            >
              <div
                class="sc-bczRLJ fHPAUt"
              >
                Civil Status
                 :
              </div>
            </div>
          </div>
          <div
            class="MuiGrid-root MuiGrid-item MuiGrid-grid-xs-2 MuiGrid-grid-sm-4 MuiGrid-grid-md-4 css-8v0fa4-MuiGrid-root"
          >
            <div
              class="MuiBox-root css-0"
            >
              <div
                class="sc-bczRLJ fHPAUt"
              >
                Place of Birth
                 :
              </div>
            </div>
          </div>
          <div
            class="MuiGrid-root MuiGrid-item MuiGrid-grid-xs-2 MuiGrid-grid-sm-4 MuiGrid-grid-md-4 css-8v0fa4-MuiGrid-root"
          >
            <div
              class="MuiBox-root css-0"
            >
              <div
                class="sc-bczRLJ fHPAUt"
              >
                Nationality
                 :
              </div>
            </div>
          </div>
          <div
            class="MuiGrid-root MuiGrid-item MuiGrid-grid-xs-2 MuiGrid-grid-sm-4 MuiGrid-grid-md-4 css-8v0fa4-MuiGrid-root"
          >
            <div
              class="MuiBox-root css-0"
            >
              <div
                class="sc-bczRLJ fHPAUt"
              >
                Years in Residence
                 :
              </div>
            </div>
          </div>
          <div
            class="MuiGrid-root MuiGrid-item MuiGrid-grid-xs-2 MuiGrid-grid-sm-4 MuiGrid-grid-md-4 css-8v0fa4-MuiGrid-root"
          >
            <div
              class="MuiBox-root css-0"
            >
              <div
                class="sc-bczRLJ fHPAUt"
              >
                Preferred Mailing Address
                 :
              </div>
            </div>
          </div>
          <div
            class="MuiGrid-root MuiGrid-item MuiGrid-grid-xs-2 MuiGrid-grid-sm-4 MuiGrid-grid-md-4 css-8v0fa4-MuiGrid-root"
          >
            <div
              class="MuiBox-root css-0"
            >
              <div
                class="sc-bczRLJ fHPAUt"
              >
                Number of Dependents
                 :
              </div>
            </div>
          </div>
          <div
            class="MuiGrid-root MuiGrid-item MuiGrid-grid-xs-2 MuiGrid-grid-sm-4 MuiGrid-grid-md-4 css-8v0fa4-MuiGrid-root"
          >
            <div
              class="MuiBox-root css-0"
            >
              <div
                class="sc-bczRLJ fHPAUt"
              >
                My Job (employed or self-employed)
                 :
              </div>
            </div>
          </div>
          <div
            class="MuiGrid-root MuiGrid-item MuiGrid-grid-xs-2 MuiGrid-grid-sm-4 MuiGrid-grid-md-4 css-8v0fa4-MuiGrid-root"
          >
            <div
              class="MuiBox-root css-0"
            >
              <div
                class="sc-bczRLJ fHPAUt"
              >
                Marketing Consent
                 :
              </div>
            </div>
          </div>
          <div
            class="MuiGrid-root MuiGrid-item MuiGrid-grid-xs-2 MuiGrid-grid-sm-4 MuiGrid-grid-md-4 css-8v0fa4-MuiGrid-root"
          >
            <div
              class="MuiBox-root css-0"
            >
              <div
                class="sc-bczRLJ fHPAUt"
              >
                Date time field
                 :
              </div>
            </div>
          </div>
          <div
            class="MuiGrid-root MuiGrid-item MuiGrid-grid-xs-2 MuiGrid-grid-sm-4 MuiGrid-grid-md-4 css-8v0fa4-MuiGrid-root"
          >
            <div
              class="MuiBox-root css-0"
            >
              <div
                class="sc-bczRLJ fHPAUt"
              >
                Nominee Counter
                 :
              </div>
            </div>
          </div>
          <div
            class="MuiGrid-root MuiGrid-item MuiGrid-grid-xs-2 MuiGrid-grid-sm-4 MuiGrid-grid-md-4 css-8v0fa4-MuiGrid-root"
          >
            <div
              class="MuiBox-root css-0"
            >
              <div
                class="sc-bczRLJ fHPAUt"
              >
                Customer ID Type
                 :
              </div>
            </div>
          </div>
          <div
            class="MuiGrid-root MuiGrid-item MuiGrid-grid-xs-2 MuiGrid-grid-sm-4 MuiGrid-grid-md-4 css-8v0fa4-MuiGrid-root"
          >
            <div
              class="MuiBox-root css-0"
            >
              <div
                class="sc-bczRLJ fHPAUt"
              >
                Card Issuance Status
                 :
              </div>
            </div>
          </div>
          <div
            class="MuiGrid-root MuiGrid-item MuiGrid-grid-xs-2 MuiGrid-grid-sm-4 MuiGrid-grid-md-4 css-8v0fa4-MuiGrid-root"
          >
            <div
              class="MuiBox-root css-0"
            >
              <div
                class="sc-bczRLJ fHPAUt"
              >
                My Job Code(employed or self-employed)
                 :
              </div>
            </div>
          </div>
          <div
            class="MuiGrid-root MuiGrid-item MuiGrid-grid-xs-2 MuiGrid-grid-sm-4 MuiGrid-grid-md-4 css-8v0fa4-MuiGrid-root"
          >
            <div
              class="MuiBox-root css-0"
            >
              <div
                class="sc-bczRLJ fHPAUt"
              >
                Data Privacy Agreement
                 :
              </div>
            </div>
          </div>
          <div
            class="MuiGrid-root MuiGrid-item MuiGrid-grid-xs-2 MuiGrid-grid-sm-4 MuiGrid-grid-md-4 css-8v0fa4-MuiGrid-root"
          >
            <div
              class="MuiBox-root css-0"
            >
              <div
                class="sc-bczRLJ fHPAUt"
              >
                Record Edit by Customer
                 :
              </div>
            </div>
          </div>
          <div
            class="MuiGrid-root MuiGrid-item MuiGrid-grid-xs-2 MuiGrid-grid-sm-4 MuiGrid-grid-md-4 css-8v0fa4-MuiGrid-root"
          >
            <div
              class="MuiBox-root css-0"
            >
              <div
                class="sc-bczRLJ fHPAUt"
              >
                FATCA - W9 Form Details - ID Type
                 :
              </div>
            </div>
          </div>
          <div
            class="MuiGrid-root MuiGrid-item MuiGrid-grid-xs-2 MuiGrid-grid-sm-4 MuiGrid-grid-md-4 css-8v0fa4-MuiGrid-root"
          >
            <div
              class="MuiBox-root css-0"
            >
              <div
                class="sc-bczRLJ fHPAUt"
              >
                Term Conditions
                 :
              </div>
            </div>
          </div>
          <div
            class="MuiGrid-root MuiGrid-item MuiGrid-grid-xs-2 MuiGrid-grid-sm-4 MuiGrid-grid-md-4 css-8v0fa4-MuiGrid-root"
          >
            <div
              class="MuiBox-root css-0"
            >
              <div
                class="sc-bczRLJ fHPAUt"
              >
                Client Type
                 :
              </div>
            </div>
          </div>
          <div
            class="MuiGrid-root MuiGrid-item MuiGrid-grid-xs-2 MuiGrid-grid-sm-4 MuiGrid-grid-md-4 css-8v0fa4-MuiGrid-root"
          >
            <div
              class="MuiBox-root css-0"
            >
              <div
                class="sc-bczRLJ fHPAUt"
              >
                FATCA - Certification of US Non-US Status
                 :
              </div>
            </div>
          </div>
          <div
            class="MuiGrid-root MuiGrid-item MuiGrid-grid-xs-2 MuiGrid-grid-sm-4 MuiGrid-grid-md-4 css-8v0fa4-MuiGrid-root"
          >
            <div
              class="MuiBox-root css-0"
            >
              <div
                class="sc-bczRLJ fHPAUt"
              >
                Designation
                 :
              </div>
            </div>
          </div>
          <div
            class="MuiGrid-root MuiGrid-item MuiGrid-grid-xs-2 MuiGrid-grid-sm-4 MuiGrid-grid-md-4 css-8v0fa4-MuiGrid-root"
          >
            <div
              class="MuiBox-root css-0"
            >
              <div
                class="sc-bczRLJ fHPAUt"
              >
                IDM ARN No
                 :
              </div>
            </div>
          </div>
          <div
            class="MuiGrid-root MuiGrid-item MuiGrid-grid-xs-2 MuiGrid-grid-sm-4 MuiGrid-grid-md-4 css-8v0fa4-MuiGrid-root"
          >
            <div
              class="MuiBox-root css-0"
            >
              <div
                class="sc-bczRLJ fHPAUt"
              >
                ARN No
                 :
              </div>
            </div>
          </div>
          <div
            class="MuiGrid-root MuiGrid-item MuiGrid-grid-xs-2 MuiGrid-grid-sm-4 MuiGrid-grid-md-4 css-8v0fa4-MuiGrid-root"
          >
            <div
              class="MuiBox-root css-0"
            >
              <div
                class="sc-bczRLJ fHPAUt"
              >
                FATCA - W9 Form Details - ID Number
                 :
              </div>
            </div>
          </div>
        </div>
      </div>
    </div>
  </body>,
  "container": <div>
    <div
      class="sc-gsnTZi eXXpkq"
    >
      Personal Details
       
    </div>
    <div
      class="MuiBox-root css-1c17ife"
      data-testid="DetailsViewGrid"
    >
      <div
        class="MuiGrid-root MuiGrid-container MuiGrid-spacing-xs-2 MuiGrid-spacing-md-3 MuiGrid-spacing-lg-1 css-vobqoz-MuiGrid-root"
        data-testid="test-2"
      >
        <div
          class="MuiGrid-root MuiGrid-item MuiGrid-grid-xs-2 MuiGrid-grid-sm-4 MuiGrid-grid-md-4 css-8v0fa4-MuiGrid-root"
        >
          <div
            class="MuiBox-root css-0"
          >
            <div
              class="sc-bczRLJ fHPAUt"
            >
              Salutation
               :
            </div>
          </div>
        </div>
        <div
          class="MuiGrid-root MuiGrid-item MuiGrid-grid-xs-2 MuiGrid-grid-sm-4 MuiGrid-grid-md-4 css-8v0fa4-MuiGrid-root"
        >
          <div
            class="MuiBox-root css-0"
          >
            <div
              class="sc-bczRLJ fHPAUt"
            >
              Suffix
               :
            </div>
          </div>
        </div>
        <div
          class="MuiGrid-root MuiGrid-item MuiGrid-grid-xs-2 MuiGrid-grid-sm-4 MuiGrid-grid-md-4 css-8v0fa4-MuiGrid-root"
        >
          <div
            class="MuiBox-root css-0"
          >
            <div
              class="sc-bczRLJ fHPAUt"
            >
              Civil Status
               :
            </div>
          </div>
        </div>
        <div
          class="MuiGrid-root MuiGrid-item MuiGrid-grid-xs-2 MuiGrid-grid-sm-4 MuiGrid-grid-md-4 css-8v0fa4-MuiGrid-root"
        >
          <div
            class="MuiBox-root css-0"
          >
            <div
              class="sc-bczRLJ fHPAUt"
            >
              Place of Birth
               :
            </div>
          </div>
        </div>
        <div
          class="MuiGrid-root MuiGrid-item MuiGrid-grid-xs-2 MuiGrid-grid-sm-4 MuiGrid-grid-md-4 css-8v0fa4-MuiGrid-root"
        >
          <div
            class="MuiBox-root css-0"
          >
            <div
              class="sc-bczRLJ fHPAUt"
            >
              Nationality
               :
            </div>
          </div>
        </div>
        <div
          class="MuiGrid-root MuiGrid-item MuiGrid-grid-xs-2 MuiGrid-grid-sm-4 MuiGrid-grid-md-4 css-8v0fa4-MuiGrid-root"
        >
          <div
            class="MuiBox-root css-0"
          >
            <div
              class="sc-bczRLJ fHPAUt"
            >
              Years in Residence
               :
            </div>
          </div>
        </div>
        <div
          class="MuiGrid-root MuiGrid-item MuiGrid-grid-xs-2 MuiGrid-grid-sm-4 MuiGrid-grid-md-4 css-8v0fa4-MuiGrid-root"
        >
          <div
            class="MuiBox-root css-0"
          >
            <div
              class="sc-bczRLJ fHPAUt"
            >
              Preferred Mailing Address
               :
            </div>
          </div>
        </div>
        <div
          class="MuiGrid-root MuiGrid-item MuiGrid-grid-xs-2 MuiGrid-grid-sm-4 MuiGrid-grid-md-4 css-8v0fa4-MuiGrid-root"
        >
          <div
            class="MuiBox-root css-0"
          >
            <div
              class="sc-bczRLJ fHPAUt"
            >
              Number of Dependents
               :
            </div>
          </div>
        </div>
        <div
          class="MuiGrid-root MuiGrid-item MuiGrid-grid-xs-2 MuiGrid-grid-sm-4 MuiGrid-grid-md-4 css-8v0fa4-MuiGrid-root"
        >
          <div
            class="MuiBox-root css-0"
          >
            <div
              class="sc-bczRLJ fHPAUt"
            >
              My Job (employed or self-employed)
               :
            </div>
          </div>
        </div>
        <div
          class="MuiGrid-root MuiGrid-item MuiGrid-grid-xs-2 MuiGrid-grid-sm-4 MuiGrid-grid-md-4 css-8v0fa4-MuiGrid-root"
        >
          <div
            class="MuiBox-root css-0"
          >
            <div
              class="sc-bczRLJ fHPAUt"
            >
              Marketing Consent
               :
            </div>
          </div>
        </div>
        <div
          class="MuiGrid-root MuiGrid-item MuiGrid-grid-xs-2 MuiGrid-grid-sm-4 MuiGrid-grid-md-4 css-8v0fa4-MuiGrid-root"
        >
          <div
            class="MuiBox-root css-0"
          >
            <div
              class="sc-bczRLJ fHPAUt"
            >
              Date time field
               :
            </div>
          </div>
        </div>
        <div
          class="MuiGrid-root MuiGrid-item MuiGrid-grid-xs-2 MuiGrid-grid-sm-4 MuiGrid-grid-md-4 css-8v0fa4-MuiGrid-root"
        >
          <div
            class="MuiBox-root css-0"
          >
            <div
              class="sc-bczRLJ fHPAUt"
            >
              Nominee Counter
               :
            </div>
          </div>
        </div>
        <div
          class="MuiGrid-root MuiGrid-item MuiGrid-grid-xs-2 MuiGrid-grid-sm-4 MuiGrid-grid-md-4 css-8v0fa4-MuiGrid-root"
        >
          <div
            class="MuiBox-root css-0"
          >
            <div
              class="sc-bczRLJ fHPAUt"
            >
              Customer ID Type
               :
            </div>
          </div>
        </div>
        <div
          class="MuiGrid-root MuiGrid-item MuiGrid-grid-xs-2 MuiGrid-grid-sm-4 MuiGrid-grid-md-4 css-8v0fa4-MuiGrid-root"
        >
          <div
            class="MuiBox-root css-0"
          >
            <div
              class="sc-bczRLJ fHPAUt"
            >
              Card Issuance Status
               :
            </div>
          </div>
        </div>
        <div
          class="MuiGrid-root MuiGrid-item MuiGrid-grid-xs-2 MuiGrid-grid-sm-4 MuiGrid-grid-md-4 css-8v0fa4-MuiGrid-root"
        >
          <div
            class="MuiBox-root css-0"
          >
            <div
              class="sc-bczRLJ fHPAUt"
            >
              My Job Code(employed or self-employed)
               :
            </div>
          </div>
        </div>
        <div
          class="MuiGrid-root MuiGrid-item MuiGrid-grid-xs-2 MuiGrid-grid-sm-4 MuiGrid-grid-md-4 css-8v0fa4-MuiGrid-root"
        >
          <div
            class="MuiBox-root css-0"
          >
            <div
              class="sc-bczRLJ fHPAUt"
            >
              Data Privacy Agreement
               :
            </div>
          </div>
        </div>
        <div
          class="MuiGrid-root MuiGrid-item MuiGrid-grid-xs-2 MuiGrid-grid-sm-4 MuiGrid-grid-md-4 css-8v0fa4-MuiGrid-root"
        >
          <div
            class="MuiBox-root css-0"
          >
            <div
              class="sc-bczRLJ fHPAUt"
            >
              Record Edit by Customer
               :
            </div>
          </div>
        </div>
        <div
          class="MuiGrid-root MuiGrid-item MuiGrid-grid-xs-2 MuiGrid-grid-sm-4 MuiGrid-grid-md-4 css-8v0fa4-MuiGrid-root"
        >
          <div
            class="MuiBox-root css-0"
          >
            <div
              class="sc-bczRLJ fHPAUt"
            >
              FATCA - W9 Form Details - ID Type
               :
            </div>
          </div>
        </div>
        <div
          class="MuiGrid-root MuiGrid-item MuiGrid-grid-xs-2 MuiGrid-grid-sm-4 MuiGrid-grid-md-4 css-8v0fa4-MuiGrid-root"
        >
          <div
            class="MuiBox-root css-0"
          >
            <div
              class="sc-bczRLJ fHPAUt"
            >
              Term Conditions
               :
            </div>
          </div>
        </div>
        <div
          class="MuiGrid-root MuiGrid-item MuiGrid-grid-xs-2 MuiGrid-grid-sm-4 MuiGrid-grid-md-4 css-8v0fa4-MuiGrid-root"
        >
          <div
            class="MuiBox-root css-0"
          >
            <div
              class="sc-bczRLJ fHPAUt"
            >
              Client Type
               :
            </div>
          </div>
        </div>
        <div
          class="MuiGrid-root MuiGrid-item MuiGrid-grid-xs-2 MuiGrid-grid-sm-4 MuiGrid-grid-md-4 css-8v0fa4-MuiGrid-root"
        >
          <div
            class="MuiBox-root css-0"
          >
            <div
              class="sc-bczRLJ fHPAUt"
            >
              FATCA - Certification of US Non-US Status
               :
            </div>
          </div>
        </div>
        <div
          class="MuiGrid-root MuiGrid-item MuiGrid-grid-xs-2 MuiGrid-grid-sm-4 MuiGrid-grid-md-4 css-8v0fa4-MuiGrid-root"
        >
          <div
            class="MuiBox-root css-0"
          >
            <div
              class="sc-bczRLJ fHPAUt"
            >
              Designation
               :
            </div>
          </div>
        </div>
        <div
          class="MuiGrid-root MuiGrid-item MuiGrid-grid-xs-2 MuiGrid-grid-sm-4 MuiGrid-grid-md-4 css-8v0fa4-MuiGrid-root"
        >
          <div
            class="MuiBox-root css-0"
          >
            <div
              class="sc-bczRLJ fHPAUt"
            >
              IDM ARN No
               :
            </div>
          </div>
        </div>
        <div
          class="MuiGrid-root MuiGrid-item MuiGrid-grid-xs-2 MuiGrid-grid-sm-4 MuiGrid-grid-md-4 css-8v0fa4-MuiGrid-root"
        >
          <div
            class="MuiBox-root css-0"
          >
            <div
              class="sc-bczRLJ fHPAUt"
            >
              ARN No
               :
            </div>
          </div>
        </div>
        <div
          class="MuiGrid-root MuiGrid-item MuiGrid-grid-xs-2 MuiGrid-grid-sm-4 MuiGrid-grid-md-4 css-8v0fa4-MuiGrid-root"
        >
          <div
            class="MuiBox-root css-0"
          >
            <div
              class="sc-bczRLJ fHPAUt"
            >
              FATCA - W9 Form Details - ID Number
               :
            </div>
          </div>
        </div>
      </div>
    </div>
  </div>,
  "debug": [Function],
  "findAllByAltText": [Function],
  "findAllByDisplayValue": [Function],
  "findAllByLabelText": [Function],
  "findAllByPlaceholderText": [Function],
  "findAllByRole": [Function],
  "findAllByTestId": [Function],
  "findAllByText": [Function],
  "findAllByTitle": [Function],
  "findByAltText": [Function],
  "findByDisplayValue": [Function],
  "findByLabelText": [Function],
  "findByPlaceholderText": [Function],
  "findByRole": [Function],
  "findByTestId": [Function],
  "findByText": [Function],
  "findByTitle": [Function],
  "getAllByAltText": [Function],
  "getAllByDisplayValue": [Function],
  "getAllByLabelText": [Function],
  "getAllByPlaceholderText": [Function],
  "getAllByRole": [Function],
  "getAllByTestId": [Function],
  "getAllByText": [Function],
  "getAllByTitle": [Function],
  "getByAltText": [Function],
  "getByDisplayValue": [Function],
  "getByLabelText": [Function],
  "getByPlaceholderText": [Function],
  "getByRole": [Function],
  "getByTestId": [Function],
  "getByText": [Function],
  "getByTitle": [Function],
  "queryAllByAltText": [Function],
  "queryAllByDisplayValue": [Function],
  "queryAllByLabelText": [Function],
  "queryAllByPlaceholderText": [Function],
  "queryAllByRole": [Function],
  "queryAllByTestId": [Function],
  "queryAllByText": [Function],
  "queryAllByTitle": [Function],
  "queryByAltText": [Function],
  "queryByDisplayValue": [Function],
  "queryByLabelText": [Function],
  "queryByPlaceholderText": [Function],
  "queryByRole": [Function],
  "queryByTestId": [Function],
  "queryByText": [Function],
  "queryByTitle": [Function],
  "rerender": [Function],
  "store": Object {
    "@@observable": [Function],
    "dispatch": [Function],
    "getState": [Function],
    "replaceReducer": [Function],
    "subscribe": [Function],
  },
  "unmount": [Function],
}
`;
